[2026-07-16 00:02:03] [AUTH] [GET /lokalex/api/dashboard?client_date=2026-07-16] [::1] Auth success {"user_code":"USRDEV001"}
[2026-07-16 00:02:08] [AUTH] [GET /lokalex/api/reports?period=day&client_date=2026-07-16] [::1] Auth success {"user_code":"USRDEV001"}
[2026-07-16 00:02:11] [AUTH] [GET /lokalex/api/dashboard?client_date=2026-07-16] [::1] Auth success {"user_code":"USRDEV001"}
[2026-07-16 00:02:12] [AUTH] [GET /lokalex/api/dev/shops?page=1&limit=20] [::1] Auth success {"user_code":"USRDEV001"}
[2026-07-16 00:02:13] [AUTH] [GET /lokalex/api/dev/users?page=1&limit=20] [::1] Auth success {"user_code":"USRDEV001"}
[2026-07-16 00:02:17] [AUTH] [GET /lokalex/api/dev/shops?page=1&limit=20] [::1] Auth success {"user_code":"USRDEV001"}
[2026-07-16 00:02:19] [AUTH] [GET /lokalex/api/reports?period=day&client_date=2026-07-16] [::1] Auth success {"user_code":"USRDEV001"}
[2026-07-16 00:02:31] [AUTH] [GET /lokalex/api/dashboard?client_date=2026-07-16] [::1] Auth success {"user_code":"USRDEV001"}
[2026-07-16 00:02:34] [AUTH] [GET /lokalex/api/reports?period=day&client_date=2026-07-16] [::1] Auth success {"user_code":"USRDEV001"}
[2026-07-16 00:02:36] [AUTH] [GET /lokalex/api/dev/shops?page=1&limit=20] [::1] Auth success {"user_code":"USRDEV001"}
[2026-07-16 00:02:36] [AUTH] [GET /lokalex/api/dev/users?page=1&limit=20] [::1] Auth success {"user_code":"USRDEV001"}
[2026-07-16 00:03:16] [AUTH] [GET /lokalex/api/dashboard?client_date=2026-07-16] [::1] Auth success {"user_code":"USRDEV001"}
[2026-07-16 00:03:46] [AUTH] [GET /lokalex/api/dashboard?client_date=2026-07-16] [::1] Auth success {"user_code":"USRDEV001"}
[2026-07-16 00:03:49] [AUTH] [GET /lokalex/api/dev/forfaits?page=1&limit=20] [::1] Auth success {"user_code":"USRDEV001"}
[2026-07-16 00:03:51] [AUTH] [GET /lokalex/api/dev/abonnements?page=1&limit=20] [::1] Auth success {"user_code":"USRDEV001"}
[2026-07-16 00:05:03] [AUTH] [GET /lokalex/api/dashboard?client_date=2026-07-16] [::1] Auth success {"user_code":"USRDEV001"}
[2026-07-16 00:06:04] [AUTH] [GET /lokalex/api/dashboard?client_date=2026-07-16] [::1] Auth success {"user_code":"USRDEV001"}
[2026-07-16 00:06:08] [AUTH] [GET /lokalex/api/dev/users?page=1&limit=20] [::1] Auth success {"user_code":"USRDEV001"}
[2026-07-16 00:06:09] [AUTH] [GET /lokalex/api/dashboard?client_date=2026-07-16] [::1] Auth success {"user_code":"USRDEV001"}
[2026-07-16 00:06:11] [AUTH] [GET /lokalex/api/reports?period=day&client_date=2026-07-16] [::1] Auth success {"user_code":"USRDEV001"}
[2026-07-16 00:06:13] [AUTH] [GET /lokalex/api/dev/shops?page=1&limit=20] [::1] Auth success {"user_code":"USRDEV001"}
[2026-07-16 00:06:17] [AUTH] [GET /lokalex/api/dev/abonnements?page=1&limit=20] [::1] Auth success {"user_code":"USRDEV001"}
[2026-07-16 00:06:19] [AUTH] [GET /lokalex/api/dashboard?client_date=2026-07-16] [::1] Auth success {"user_code":"USRDEV001"}
[2026-07-16 00:06:21] [AUTH] [GET /lokalex/api/dev/abonnements?page=1&limit=20] [::1] Auth success {"user_code":"USRDEV001"}
[2026-07-16 00:06:31] [AUTH] [GET /lokalex/api/dashboard?client_date=2026-07-16] [::1] Auth success {"user_code":"USRDEV001"}
[2026-07-16 00:06:35] [AUTH] [GET /lokalex/api/dev/shops?page=1&limit=20] [::1] Auth success {"user_code":"USRDEV001"}
[2026-07-16 00:06:39] [AUTH] [GET /lokalex/api/dev/forfaits?page=1&limit=20] [::1] Auth success {"user_code":"USRDEV001"}
[2026-07-16 00:06:42] [AUTH] [GET /lokalex/api/dev/abonnements?page=1&limit=20] [::1] Auth success {"user_code":"USRDEV001"}
[2026-07-16 00:06:45] [AUTH] [GET /lokalex/api/dev/forfaits?page=1&limit=20] [::1] Auth success {"user_code":"USRDEV001"}
[2026-07-16 00:06:49] [AUTH] [GET /lokalex/api/dev/users?page=1&limit=20] [::1] Auth success {"user_code":"USRDEV001"}
[2026-07-16 00:06:50] [AUTH] [GET /lokalex/api/dev/shops?page=1&limit=20] [::1] Auth success {"user_code":"USRDEV001"}
[2026-07-16 00:06:52] [AUTH] [GET /lokalex/api/reports?period=day&client_date=2026-07-16] [::1] Auth success {"user_code":"USRDEV001"}
[2026-07-16 00:06:53] [AUTH] [GET /lokalex/api/dashboard?client_date=2026-07-16] [::1] Auth success {"user_code":"USRDEV001"}
[2026-07-16 00:06:57] [AUTH] [GET /lokalex/api/dev/abonnements?page=1&limit=20] [::1] Auth success {"user_code":"USRDEV001"}
[2026-07-16 00:07:10] [AUTH] [POST /lokalex/api/auth/login] [::1] Login success {"user_code":"USRVEND001","phone":"770000002"}
[2026-07-16 00:07:10] [AUTH] [GET /lokalex/api/dashboard?client_date=2026-07-16] [::1] Auth success {"user_code":"USRVEND001"}
[2026-07-16 00:07:14] [AUTH] [GET /lokalex/api/dashboard?client_date=2026-07-16] [::1] Auth success {"user_code":"USRVEND001"}
[2026-07-16 00:07:17] [AUTH] [GET /lokalex/api/reports?period=day&client_date=2026-07-16] [::1] Auth success {"user_code":"USRVEND001"}
[2026-07-16 00:07:19] [AUTH] [GET /lokalex/api/dashboard?client_date=2026-07-16] [::1] Auth success {"user_code":"USRVEND001"}
[2026-07-16 00:07:23] [AUTH] [GET /lokalex/api/history?filter=today&page=1&limit=20&client_date=2026-07-16] [::1] Auth success {"user_code":"USRVEND001"}
[2026-07-16 00:07:24] [AUTH] [GET /lokalex/api/reports?period=day&client_date=2026-07-16] [::1] Auth success {"user_code":"USRVEND001"}
[2026-07-16 00:07:25] [AUTH] [GET /lokalex/api/history?filter=today&page=1&limit=20&client_date=2026-07-16] [::1] Auth success {"user_code":"USRVEND001"}
[2026-07-16 00:07:29] [AUTH] [GET /lokalex/api/locations?page=1&limit=20] [::1] Auth success {"user_code":"USRVEND001"}
[2026-07-16 00:07:31] [AUTH] [GET /lokalex/api/dashboard?client_date=2026-07-16] [::1] Auth success {"user_code":"USRVEND001"}
[2026-07-16 00:09:20] [AUTH] [GET /lokalex/api/dashboard?client_date=2026-07-16] [::1] Auth success {"user_code":"USRVEND001"}
[2026-07-16 00:09:23] [AUTH] [GET /lokalex/api/locations?page=1&limit=20] [::1] Auth success {"user_code":"USRVEND001"}
[2026-07-16 00:09:25] [AUTH] [GET /lokalex/api/dashboard?client_date=2026-07-16] [::1] Auth success {"user_code":"USRVEND001"}
[2026-07-16 00:09:58] [AUTH] [GET /lokalex/api/dashboard?client_date=2026-07-16] [::1] Auth success {"user_code":"USRVEND001"}
[2026-07-16 00:10:00] [AUTH] [GET /lokalex/api/reports?period=day&client_date=2026-07-16] [::1] Auth success {"user_code":"USRVEND001"}
[2026-07-16 00:10:00] [AUTH] [GET /lokalex/api/reports?period=day&client_date=2026-07-16] [::1] Auth success {"user_code":"USRVEND001"}
[2026-07-16 00:10:01] [AUTH] [GET /lokalex/api/reports?period=day&client_date=2026-07-16] [::1] Auth success {"user_code":"USRVEND001"}
[2026-07-16 00:10:03] [AUTH] [GET /lokalex/api/history?filter=today&page=1&limit=20&client_date=2026-07-16] [::1] Auth success {"user_code":"USRVEND001"}
[2026-07-16 00:10:03] [AUTH] [GET /lokalex/api/history?filter=today&page=1&limit=20&client_date=2026-07-16] [::1] Auth success {"user_code":"USRVEND001"}
[2026-07-16 00:10:05] [AUTH] [GET /lokalex/api/dashboard?client_date=2026-07-16] [::1] Auth success {"user_code":"USRVEND001"}
[2026-07-16 00:10:05] [AUTH] [GET /lokalex/api/dashboard?client_date=2026-07-16] [::1] Auth success {"user_code":"USRVEND001"}
[2026-07-16 00:10:06] [AUTH] [GET /lokalex/api/history?filter=today&page=1&limit=20&client_date=2026-07-16] [::1] Auth success {"user_code":"USRVEND001"}
[2026-07-16 00:10:06] [AUTH] [GET /lokalex/api/history?filter=today&page=1&limit=20&client_date=2026-07-16] [::1] Auth success {"user_code":"USRVEND001"}
[2026-07-16 00:10:08] [AUTH] [GET /lokalex/api/history?filter=week&page=1&limit=20&client_date=2026-07-16] [::1] Auth success {"user_code":"USRVEND001"}
[2026-07-16 00:10:09] [AUTH] [GET /lokalex/api/dashboard?client_date=2026-07-16] [::1] Auth success {"user_code":"USRVEND001"}
[2026-07-16 00:10:09] [AUTH] [GET /lokalex/api/dashboard?client_date=2026-07-16] [::1] Auth success {"user_code":"USRVEND001"}
[2026-07-16 00:10:11] [AUTH] [GET /lokalex/api/dashboard?client_date=2026-07-16] [::1] Auth success {"user_code":"USRVEND001"}
[2026-07-16 00:10:16] [AUTH] [GET /lokalex/api/articles] [::1] Auth success {"user_code":"USRVEND001"}
[2026-07-16 00:10:16] [AUTH] [GET /lokalex/api/articles] [::1] Auth success {"user_code":"USRVEND001"}
[2026-07-16 00:10:18] [AUTH] [GET /lokalex/api/articles] [::1] Auth success {"user_code":"USRVEND001"}
[2026-07-16 00:23:58] [AUTH] [GET /lokalex/api/dashboard?client_date=2026-07-16] [::1] Auth success {"user_code":"USRVEND001"}
[2026-07-16 00:24:00] [AUTH] [GET /lokalex/api/dashboard?client_date=2026-07-16] [::1] Auth success {"user_code":"USRVEND001"}
[2026-07-16 00:24:04] [AUTH] [GET /lokalex/api/clients?page=1&limit=20] [::1] Auth success {"user_code":"USRVEND001"}
[2026-07-16 00:24:04] [AUTH] [GET /lokalex/api/clients?page=1&limit=20] [::1] Auth success {"user_code":"USRVEND001"}
[2026-07-16 00:24:05] [AUTH] [GET /lokalex/api/articles?page=1&limit=20] [::1] Auth success {"user_code":"USRVEND001"}
[2026-07-16 00:24:06] [AUTH] [GET /lokalex/api/articles?page=1&limit=20] [::1] Auth success {"user_code":"USRVEND001"}
[2026-07-16 00:24:08] [AUTH] [GET /lokalex/api/history?filter=today&page=1&limit=20&client_date=2026-07-16] [::1] Auth success {"user_code":"USRVEND001"}
[2026-07-16 00:24:08] [AUTH] [GET /lokalex/api/history?filter=today&page=1&limit=20&client_date=2026-07-16] [::1] Auth success {"user_code":"USRVEND001"}
[2026-07-16 00:24:10] [AUTH] [GET /lokalex/api/reports?period=day&client_date=2026-07-16] [::1] Auth success {"user_code":"USRVEND001"}
[2026-07-16 00:24:10] [AUTH] [GET /lokalex/api/reports?period=day&client_date=2026-07-16] [::1] Auth success {"user_code":"USRVEND001"}
[2026-07-16 00:24:12] [AUTH] [GET /lokalex/api/clients?page=1&limit=20] [::1] Auth success {"user_code":"USRVEND001"}
[2026-07-16 00:24:12] [AUTH] [GET /lokalex/api/clients?page=1&limit=20] [::1] Auth success {"user_code":"USRVEND001"}
[2026-07-16 00:24:13] [AUTH] [GET /lokalex/api/articles] [::1] Auth success {"user_code":"USRVEND001"}
[2026-07-16 00:24:13] [AUTH] [GET /lokalex/api/articles] [::1] Auth success {"user_code":"USRVEND001"}
[2026-07-16 00:24:16] [AUTH] [GET /lokalex/api/clients?page=1&limit=20] [::1] Auth success {"user_code":"USRVEND001"}
[2026-07-16 00:24:16] [AUTH] [GET /lokalex/api/clients?page=1&limit=20] [::1] Auth success {"user_code":"USRVEND001"}
[2026-07-16 00:24:18] [AUTH] [GET /lokalex/api/articles] [::1] Auth success {"user_code":"USRVEND001"}
[2026-07-16 00:24:18] [AUTH] [GET /lokalex/api/articles] [::1] Auth success {"user_code":"USRVEND001"}
[2026-07-16 00:24:20] [AUTH] [GET /lokalex/api/clients?page=1&limit=20] [::1] Auth success {"user_code":"USRVEND001"}
[2026-07-16 00:24:20] [AUTH] [GET /lokalex/api/clients?page=1&limit=20] [::1] Auth success {"user_code":"USRVEND001"}
[2026-07-16 00:24:21] [AUTH] [GET /lokalex/api/articles?page=1&limit=20] [::1] Auth success {"user_code":"USRVEND001"}
[2026-07-16 00:24:21] [AUTH] [GET /lokalex/api/articles?page=1&limit=20] [::1] Auth success {"user_code":"USRVEND001"}
[2026-07-16 00:24:23] [AUTH] [GET /lokalex/api/clients?page=1&limit=20] [::1] Auth success {"user_code":"USRVEND001"}
[2026-07-16 00:24:23] [AUTH] [GET /lokalex/api/clients?page=1&limit=20] [::1] Auth success {"user_code":"USRVEND001"}
[2026-07-16 00:24:24] [AUTH] [GET /lokalex/api/articles] [::1] Auth success {"user_code":"USRVEND001"}
[2026-07-16 00:24:24] [AUTH] [GET /lokalex/api/articles] [::1] Auth success {"user_code":"USRVEND001"}
[2026-07-16 00:25:55] [AUTH] [GET /lokalex/api/locations?page=1&limit=20] [::1] Auth success {"user_code":"USRVEND001"}
[2026-07-16 00:26:13] [AUTH] [GET /lokalex/api/articles] [::1] Auth success {"user_code":"USRVEND001"}
[2026-07-16 00:26:28] [AUTH] [POST /lokalex/api/auth/login] [::1] Login success {"user_code":"USRVEND001","phone":"770000002"}
[2026-07-16 00:26:28] [AUTH] [GET /lokalex/api/dashboard?client_date=2026-07-16] [::1] Auth success {"user_code":"USRVEND001"}
[2026-07-16 00:26:28] [AUTH] [GET /lokalex/api/dashboard?client_date=2026-07-16] [::1] Auth success {"user_code":"USRVEND001"}
[2026-07-16 00:26:46] [AUTH] [GET /lokalex/api/dashboard?client_date=2026-07-16] [::1] Auth success {"user_code":"USRVEND001"}
[2026-07-16 00:27:16] [AUTH] [GET /lokalex/api/dashboard?client_date=2026-07-16] [::1] Auth success {"user_code":"USRVEND001"}
[2026-07-16 00:27:39] [AUTH] [GET /lokalex/api/dashboard?client_date=2026-07-16] [::1] Auth success {"user_code":"USRVEND001"}
[2026-07-16 00:29:30] [AUTH] [GET /lokalex/api/dashboard?client_date=2026-07-16] [::1] Auth success {"user_code":"USRVEND001"}
[2026-07-16 00:29:31] [AUTH] [GET /lokalex/api/dashboard?client_date=2026-07-16] [::1] Auth success {"user_code":"USRVEND001"}
[2026-07-16 00:29:35] [AUTH] [GET /lokalex/api/dev/users?page=1&limit=20] [::1] Auth success {"user_code":"USRVEND001"}
[2026-07-16 00:29:49] [AUTH] [POST /lokalex/api/auth/login] [::1] Login success {"user_code":"USRVEND001","phone":"770000002"}
[2026-07-16 00:29:49] [AUTH] [GET /lokalex/api/dashboard?client_date=2026-07-16] [::1] Auth success {"user_code":"USRVEND001"}
[2026-07-16 00:29:49] [AUTH] [GET /lokalex/api/dashboard?client_date=2026-07-16] [::1] Auth success {"user_code":"USRVEND001"}
[2026-07-16 00:30:01] [AUTH] [GET /lokalex/api/dashboard?client_date=2026-07-16] [::1] Auth success {"user_code":"USRVEND001"}
[2026-07-16 00:30:13] [AUTH] [GET /lokalex/api/dashboard?client_date=2026-07-16] [::1] Auth success {"user_code":"USRVEND001"}
[2026-07-16 00:30:37] [AUTH] [GET /lokalex/api/dashboard?client_date=2026-07-16] [::1] Auth success {"user_code":"USRVEND001"}
[2026-07-16 00:31:27] [AUTH] [POST /lokalex/api/auth/login] [::1] Login success {"user_code":"USRDEV001","phone":"770000001"}
[2026-07-16 00:31:27] [AUTH] [GET /lokalex/api/dashboard?client_date=2026-07-16] [::1] Auth success {"user_code":"USRDEV001"}
[2026-07-16 00:31:27] [AUTH] [GET /lokalex/api/dashboard?client_date=2026-07-16] [::1] Auth success {"user_code":"USRDEV001"}
[2026-07-16 00:31:30] [AUTH] [GET /lokalex/api/dashboard?client_date=2026-07-16] [::1] Auth success {"user_code":"USRDEV001"}
[2026-07-16 00:32:45] [AUTH] [GET /lokalex/api/dashboard?client_date=2026-07-16] [::1] Auth success {"user_code":"USRDEV001"}
[2026-07-16 00:32:58] [AUTH] [GET /lokalex/api/dashboard?client_date=2026-07-16] [::1] Auth success {"user_code":"USRDEV001"}
[2026-07-16 00:33:11] [AUTH] [GET /lokalex/api/dashboard?client_date=2026-07-16] [::1] Auth success {"user_code":"USRDEV001"}
[2026-07-16 00:33:34] [AUTH] [POST /lokalex/api/auth/login] [::1] Login success {"user_code":"USRVEND001","phone":"770000002"}
[2026-07-16 00:33:34] [AUTH] [GET /lokalex/api/dashboard?client_date=2026-07-16] [::1] Auth success {"user_code":"USRVEND001"}
[2026-07-16 00:33:34] [AUTH] [GET /lokalex/api/dashboard?client_date=2026-07-16] [::1] Auth success {"user_code":"USRVEND001"}
[2026-07-16 00:33:42] [AUTH] [GET /lokalex/api/dashboard?client_date=2026-07-16] [::1] Auth success {"user_code":"USRVEND001"}
[2026-07-16 00:34:00] [AUTH] [POST /lokalex/api/auth/login] [::1] Login success {"user_code":"USRVEND001","phone":"770000002"}
[2026-07-16 00:34:00] [AUTH] [GET /lokalex/api/dashboard?client_date=2026-07-16] [::1] Auth success {"user_code":"USRVEND001"}
[2026-07-16 00:34:00] [AUTH] [GET /lokalex/api/dashboard?client_date=2026-07-16] [::1] Auth success {"user_code":"USRVEND001"}
[2026-07-16 00:34:05] [AUTH] [POST /lokalex/api/auth/login] [::1] Login success {"user_code":"USRDEV001","phone":"770000001"}
[2026-07-16 00:34:05] [AUTH] [GET /lokalex/api/dashboard?client_date=2026-07-16] [::1] Auth success {"user_code":"USRDEV001"}
[2026-07-16 00:34:05] [AUTH] [GET /lokalex/api/dashboard?client_date=2026-07-16] [::1] Auth success {"user_code":"USRDEV001"}
[2026-07-16 00:34:10] [AUTH] [POST /lokalex/api/auth/login] [::1] Login success {"user_code":"USRVEND001","phone":"770000002"}
[2026-07-16 00:34:10] [AUTH] [GET /lokalex/api/dashboard?client_date=2026-07-16] [::1] Auth success {"user_code":"USRVEND001"}
[2026-07-16 00:34:10] [AUTH] [GET /lokalex/api/dashboard?client_date=2026-07-16] [::1] Auth success {"user_code":"USRVEND001"}
[2026-07-16 00:35:52] [AUTH] [GET /lokalex/api/articles?page=1&limit=20] [::1] Auth success {"user_code":"USRVEND001"}
[2026-07-16 00:35:52] [AUTH] [GET /lokalex/api/articles?page=1&limit=20] [::1] Auth success {"user_code":"USRVEND001"}
[2026-07-16 00:35:53] [AUTH] [GET /lokalex/api/dashboard?client_date=2026-07-16] [::1] Auth success {"user_code":"USRVEND001"}
[2026-07-16 00:35:53] [AUTH] [GET /lokalex/api/dashboard?client_date=2026-07-16] [::1] Auth success {"user_code":"USRVEND001"}
[2026-07-16 00:35:55] [AUTH] [GET /lokalex/api/clients?page=1&limit=20] [::1] Auth success {"user_code":"USRVEND001"}
[2026-07-16 00:35:55] [AUTH] [GET /lokalex/api/clients?page=1&limit=20] [::1] Auth success {"user_code":"USRVEND001"}
[2026-07-16 00:35:57] [AUTH] [GET /lokalex/api/dashboard?client_date=2026-07-16] [::1] Auth success {"user_code":"USRVEND001"}
[2026-07-16 00:35:57] [AUTH] [GET /lokalex/api/dashboard?client_date=2026-07-16] [::1] Auth success {"user_code":"USRVEND001"}
[2026-07-16 00:35:59] [AUTH] [GET /lokalex/api/locations?page=1&limit=20] [::1] Auth success {"user_code":"USRVEND001"}
[2026-07-16 00:35:59] [AUTH] [GET /lokalex/api/locations?page=1&limit=20] [::1] Auth success {"user_code":"USRVEND001"}
[2026-07-16 00:36:04] [AUTH] [GET /lokalex/api/dashboard?client_date=2026-07-16] [::1] Auth success {"user_code":"USRVEND001"}
[2026-07-16 00:36:04] [AUTH] [GET /lokalex/api/dashboard?client_date=2026-07-16] [::1] Auth success {"user_code":"USRVEND001"}
[2026-07-16 00:37:32] [AUTH] [GET /lokalex/api/articles?page=1&limit=20] [::1] Auth success {"user_code":"USRVEND001"}
[2026-07-16 00:37:32] [AUTH] [GET /lokalex/api/articles?page=1&limit=20] [::1] Auth success {"user_code":"USRVEND001"}
[2026-07-16 00:37:34] [AUTH] [GET /lokalex/api/dashboard?client_date=2026-07-16] [::1] Auth success {"user_code":"USRVEND001"}
[2026-07-16 00:37:34] [AUTH] [GET /lokalex/api/dashboard?client_date=2026-07-16] [::1] Auth success {"user_code":"USRVEND001"}
[2026-07-16 00:39:18] [AUTH] [POST /lokalex/api/auth/login] [::1] Login success {"user_code":"USRVEND001","phone":"770000002"}
[2026-07-16 00:39:18] [AUTH] [GET /lokalex/api/dashboard?client_date=2026-07-16] [::1] Auth success {"user_code":"USRVEND001"}
[2026-07-16 00:39:18] [AUTH] [GET /lokalex/api/dashboard?client_date=2026-07-16] [::1] Auth success {"user_code":"USRVEND001"}
[2026-07-16 00:40:01] [AUTH] [POST /lokalex/api/auth/login] [::1] Login success {"user_code":"USRVEND001","phone":"770000002"}
[2026-07-16 00:40:01] [AUTH] [GET /lokalex/api/dashboard?client_date=2026-07-16] [::1] Auth success {"user_code":"USRVEND001"}
[2026-07-16 00:40:01] [AUTH] [GET /lokalex/api/dashboard?client_date=2026-07-16] [::1] Auth success {"user_code":"USRVEND001"}
[2026-07-16 00:40:05] [AUTH] [GET /lokalex/api/dashboard?client_date=2026-07-16] [::1] Auth success {"user_code":"USRVEND001"}
[2026-07-16 00:40:15] [AUTH] [POST /lokalex/api/auth/login] [::1] Login success {"user_code":"USRVEND001","phone":"770000002"}
[2026-07-16 00:40:15] [AUTH] [GET /lokalex/api/dashboard?client_date=2026-07-16] [::1] Auth success {"user_code":"USRVEND001"}
[2026-07-16 00:40:24] [AUTH] [POST /lokalex/api/auth/login] [::1] Login success {"user_code":"USRDEV001","phone":"770000001"}
[2026-07-16 00:40:24] [AUTH] [GET /lokalex/api/dashboard?client_date=2026-07-16] [::1] Auth success {"user_code":"USRDEV001"}
[2026-07-16 00:40:34] [AUTH] [POST /lokalex/api/auth/login] [::1] Login success {"user_code":"USRVEND001","phone":"770000002"}
[2026-07-16 00:40:34] [AUTH] [GET /lokalex/api/dashboard?client_date=2026-07-16] [::1] Auth success {"user_code":"USRVEND001"}
[2026-07-16 00:40:41] [AUTH] [GET /lokalex/api/search?q=g] [::1] Auth success {"user_code":"USRVEND001"}
[2026-07-16 00:40:43] [AUTH] [GET /lokalex/api/locations/show?code=LOC1784155767417] [::1] Auth success {"user_code":"USRVEND001"}
[2026-07-16 23:41:10] [AUTH] [GET /location/api/dashboard?client_date=2026-07-16] [::1] Auth success {"user_code":"USRVEND001"}
