[2026-07-15 21:50:42] [AUTH] [GET /lokalex/api/dashboard?client_date=2026-07-15] [::1] Auth failed: no token provided
[2026-07-15 21:50:52] [AUTH] [POST /lokalex/api/auth/login] [::1] Login success {"user_code":"USRVEND001","phone":"770000002"}
[2026-07-15 21:50:52] [AUTH] [GET /lokalex/api/dashboard?client_date=2026-07-15] [::1] Auth success {"user_code":"USRVEND001"}
[2026-07-15 21:50:59] [AUTH] [GET /lokalex/api/clients?page=1&limit=20] [::1] Auth success {"user_code":"USRVEND001"}
[2026-07-15 21:51:02] [AUTH] [GET /lokalex/api/articles] [::1] Auth success {"user_code":"USRVEND001"}
[2026-07-15 21:51:05] [AUTH] [GET /lokalex/api/dashboard?client_date=2026-07-15] [::1] Auth success {"user_code":"USRVEND001"}
[2026-07-15 21:51:07] [AUTH] [GET /lokalex/api/history?filter=today&page=1&limit=20&client_date=2026-07-15] [::1] Auth success {"user_code":"USRVEND001"}
[2026-07-15 21:51:08] [AUTH] [GET /lokalex/api/locations?page=1&limit=20] [::1] Auth success {"user_code":"USRVEND001"}
[2026-07-15 21:51:10] [AUTH] [GET /lokalex/api/dashboard?client_date=2026-07-15] [::1] Auth success {"user_code":"USRVEND001"}
[2026-07-15 21:53:08] [AUTH] [GET /lokalex/api/dashboard?client_date=2026-07-15] [::1] Auth success {"user_code":"USRDEV001"}
[2026-07-15 21:53:16] [AUTH] [GET /lokalex/api/reports?period=day&client_date=2026-07-15] [::1] Auth success {"user_code":"USRDEV001"}
[2026-07-15 21:53:17] [AUTH] [GET /lokalex/api/dev/shops?page=1&limit=20] [::1] Auth success {"user_code":"USRDEV001"}
[2026-07-15 21:53:19] [AUTH] [GET /lokalex/api/dev/users?page=1&limit=20] [::1] Auth success {"user_code":"USRDEV001"}
[2026-07-15 21:53:21] [AUTH] [GET /lokalex/api/dev/user-detail?code=USR1784127820477&tx_page=1&tx_limit=15] [::1] Auth success {"user_code":"USRDEV001"}
[2026-07-15 21:53:36] [AUTH] [POST /lokalex/api/dev/users] [::1] Auth success {"user_code":"USRDEV001"}
[2026-07-15 21:53:42] [AUTH] [GET /lokalex/api/dev/shops?page=1&limit=20] [::1] Auth success {"user_code":"USRDEV001"}
[2026-07-15 21:53:52] [AUTH] [GET /lokalex/api/dev/users?page=1&limit=20] [::1] Auth success {"user_code":"USRDEV001"}
[2026-07-15 21:54:25] [AUTH] [GET /lokalex/api/dashboard?client_date=2026-07-15] [::1] Auth success {"user_code":"USRDEV001"}
[2026-07-15 21:54:37] [AUTH] [GET /lokalex/api/reports?period=day&client_date=2026-07-15] [::1] Auth success {"user_code":"USRDEV001"}
[2026-07-15 21:54:39] [AUTH] [GET /lokalex/api/dev/shops?page=1&limit=20] [::1] Auth success {"user_code":"USRDEV001"}
[2026-07-15 21:54:40] [AUTH] [GET /lokalex/api/dev/users?page=1&limit=20] [::1] Auth success {"user_code":"USRDEV001"}
[2026-07-15 21:54:42] [AUTH] [GET /lokalex/api/dev/shops?page=1&limit=20] [::1] Auth success {"user_code":"USRDEV001"}
[2026-07-15 21:54:43] [AUTH] [GET /lokalex/api/reports?period=day&client_date=2026-07-15] [::1] Auth success {"user_code":"USRDEV001"}
[2026-07-15 21:54:54] [AUTH] [GET /lokalex/api/dev/shops?page=1&limit=20] [::1] Auth success {"user_code":"USRDEV001"}
[2026-07-15 21:54:55] [AUTH] [GET /lokalex/api/dev/users?page=1&limit=20] [::1] Auth success {"user_code":"USRDEV001"}
[2026-07-15 21:55:10] [AUTH] [GET /lokalex/api/dev/shops?page=1&limit=20] [::1] Auth success {"user_code":"USRDEV001"}
[2026-07-15 21:55:13] [AUTH] [GET /lokalex/api/dev/shop-detail?code=BTE1784127830910&tx_page=1&tx_limit=15] [::1] Auth success {"user_code":"USRDEV001"}
[2026-07-15 21:55:13] [AUTH] [GET /lokalex/api/dev/forfaits] [::1] Auth success {"user_code":"USRDEV001"}
[2026-07-15 21:55:20] [AUTH] [GET /lokalex/api/dev/shop-detail?code=BTELOKA01&tx_page=1&tx_limit=15] [::1] Auth success {"user_code":"USRDEV001"}
[2026-07-15 21:55:20] [AUTH] [GET /lokalex/api/dev/forfaits] [::1] Auth success {"user_code":"USRDEV001"}
[2026-07-15 21:55:24] [AUTH] [GET /lokalex/api/reports?period=day&client_date=2026-07-15] [::1] Auth success {"user_code":"USRDEV001"}
[2026-07-15 21:55:28] [AUTH] [GET /lokalex/api/dashboard?client_date=2026-07-15] [::1] Auth success {"user_code":"USRDEV001"}
[2026-07-15 21:55:31] [AUTH] [GET /lokalex/api/reports?period=day&client_date=2026-07-15] [::1] Auth success {"user_code":"USRDEV001"}
[2026-07-15 21:55:44] [AUTH] [POST /lokalex/api/auth/login] [::1] Login success {"user_code":"USRVEND001","phone":"770000002"}
[2026-07-15 21:55:44] [AUTH] [GET /lokalex/api/dashboard?client_date=2026-07-15] [::1] Auth success {"user_code":"USRVEND001"}
[2026-07-15 21:55:52] [AUTH] [GET /lokalex/api/search?q=j] [::1] Auth success {"user_code":"USRVEND001"}
[2026-07-15 21:55:53] [AUTH] [GET /lokalex/api/search?q=jk] [::1] Auth success {"user_code":"USRVEND001"}
[2026-07-15 21:55:54] [AUTH] [GET /lokalex/api/search?q=j] [::1] Auth success {"user_code":"USRVEND001"}
[2026-07-15 21:55:55] [AUTH] [GET /lokalex/api/search?q=c] [::1] Auth success {"user_code":"USRVEND001"}
[2026-07-15 21:55:57] [AUTH] [GET /lokalex/api/locations/show?code=LOC1784136180418] [::1] Auth success {"user_code":"USRVEND001"}
[2026-07-15 21:56:01] [AUTH] [GET /lokalex/api/locations?page=1&limit=20] [::1] Auth success {"user_code":"USRVEND001"}
[2026-07-15 21:56:10] [AUTH] [GET /lokalex/api/locations?statut=en_cours&page=1&limit=20] [::1] Auth success {"user_code":"USRVEND001"}
[2026-07-15 21:56:11] [AUTH] [GET /lokalex/api/locations?statut=terminee&page=1&limit=20] [::1] Auth success {"user_code":"USRVEND001"}
[2026-07-15 21:56:13] [AUTH] [GET /lokalex/api/locations?statut=en_cours&page=1&limit=20] [::1] Auth success {"user_code":"USRVEND001"}
[2026-07-15 21:56:15] [AUTH] [GET /lokalex/api/dashboard?client_date=2026-07-15] [::1] Auth success {"user_code":"USRVEND001"}
[2026-07-15 21:56:19] [AUTH] [GET /lokalex/api/dashboard?client_date=2026-07-15] [::1] Auth success {"user_code":"USRVEND001"}
[2026-07-15 21:56:31] [AUTH] [GET /lokalex/api/history?filter=today&page=1&limit=20&client_date=2026-07-15] [::1] Auth success {"user_code":"USRVEND001"}
[2026-07-15 21:56:36] [AUTH] [GET /lokalex/api/reports?period=day&client_date=2026-07-15] [::1] Auth success {"user_code":"USRVEND001"}
[2026-07-15 21:56:38] [AUTH] [GET /lokalex/api/reports?period=week&client_date=2026-07-15] [::1] Auth success {"user_code":"USRVEND001"}
[2026-07-15 21:56:40] [AUTH] [GET /lokalex/api/reports?period=month&client_date=2026-07-15] [::1] Auth success {"user_code":"USRVEND001"}
[2026-07-15 21:56:43] [AUTH] [GET /lokalex/api/history?filter=today&page=1&limit=20&client_date=2026-07-15] [::1] Auth success {"user_code":"USRVEND001"}
[2026-07-15 21:56:45] [AUTH] [GET /lokalex/api/locations?page=1&limit=20] [::1] Auth success {"user_code":"USRVEND001"}
[2026-07-15 21:56:46] [AUTH] [GET /lokalex/api/dashboard?client_date=2026-07-15] [::1] Auth success {"user_code":"USRVEND001"}
[2026-07-15 21:57:15] [AUTH] [GET /lokalex/api/dashboard?client_date=2026-07-15] [::1] Auth success {"user_code":"USRVEND001"}
[2026-07-15 21:57:47] [AUTH] [GET /lokalex/api/dashboard?client_date=2026-07-15] [::1] Auth success {"user_code":"USRVEND001"}
[2026-07-15 21:58:17] [AUTH] [GET /lokalex/api/dashboard?client_date=2026-07-15] [::1] Auth success {"user_code":"USRVEND001"}
[2026-07-15 21:58:43] [AUTH] [GET /lokalex/api/locations?page=1&limit=20] [::1] Auth success {"user_code":"USRVEND001"}
[2026-07-15 21:58:44] [AUTH] [GET /lokalex/api/history?filter=today&page=1&limit=20&client_date=2026-07-15] [::1] Auth success {"user_code":"USRVEND001"}
[2026-07-15 21:58:46] [AUTH] [GET /lokalex/api/reports?period=day&client_date=2026-07-15] [::1] Auth success {"user_code":"USRVEND001"}
[2026-07-15 22:00:36] [AUTH] [GET /lokalex/api/dashboard?client_date=2026-07-15] [::1] Auth success {"user_code":"USRVEND001"}
[2026-07-15 22:01:56] [AUTH] [GET /lokalex/api/dashboard?client_date=2026-07-15] [::1] Auth success {"user_code":"USRVEND001"}
[2026-07-15 22:02:29] [AUTH] [GET /lokalex/api/dashboard?client_date=2026-07-15] [::1] Auth success {"user_code":"USRVEND001"}
[2026-07-15 22:02:34] [AUTH] [GET /lokalex/api/locations?page=1&limit=20] [::1] Auth success {"user_code":"USRVEND001"}
[2026-07-15 22:02:35] [AUTH] [GET /lokalex/api/history?filter=today&page=1&limit=20&client_date=2026-07-15] [::1] Auth success {"user_code":"USRVEND001"}
[2026-07-15 22:02:36] [AUTH] [GET /lokalex/api/reports?period=day&client_date=2026-07-15] [::1] Auth success {"user_code":"USRVEND001"}
[2026-07-15 22:02:37] [AUTH] [GET /lokalex/api/history?filter=today&page=1&limit=20&client_date=2026-07-15] [::1] Auth success {"user_code":"USRVEND001"}
[2026-07-15 22:02:39] [AUTH] [GET /lokalex/api/locations?page=1&limit=20] [::1] Auth success {"user_code":"USRVEND001"}
[2026-07-15 22:02:44] [AUTH] [GET /lokalex/api/dashboard?client_date=2026-07-15] [::1] Auth success {"user_code":"USRVEND001"}
[2026-07-15 22:03:07] [AUTH] [GET /lokalex/api/dashboard?client_date=2026-07-15] [::1] Auth success {"user_code":"USRVEND001"}
[2026-07-15 22:03:09] [AUTH] [GET /lokalex/api/dashboard?client_date=2026-07-15] [::1] Auth success {"user_code":"USRVEND001"}
[2026-07-15 22:03:10] [AUTH] [GET /lokalex/api/dashboard?client_date=2026-07-15] [::1] Auth success {"user_code":"USRVEND001"}
[2026-07-15 22:04:31] [AUTH] [GET /lokalex/api/locations?page=1&limit=20] [::1] Auth success {"user_code":"USRVEND001"}
[2026-07-15 22:04:42] [AUTH] [GET /lokalex/api/locations?statut=en_cours&page=1&limit=20] [::1] Auth success {"user_code":"USRVEND001"}
[2026-07-15 22:05:10] [AUTH] [GET /lokalex/api/dashboard?client_date=2026-07-15] [::1] Auth success {"user_code":"USRVEND001"}
[2026-07-15 22:06:13] [AUTH] [GET /lokalex/api/dashboard?client_date=2026-07-15] [::1] Auth success {"user_code":"USRVEND001"}
[2026-07-15 22:07:24] [AUTH] [GET /lokalex/api/dashboard?client_date=2026-07-15] [::1] Auth success {"user_code":"USRVEND001"}
[2026-07-15 22:09:38] [AUTH] [GET /lokalex/api/dashboard?client_date=2026-07-15] [::1] Auth success {"user_code":"USRVEND001"}
